Testing capture...
Capture success: 1550x830
Saved capture_result.png
Testing seek and capture at frame 100...
Raw data: {'success': False, 'error': 'Seek method not found on TimelineViewModel'}
Seek & Capture failed: Seek method not found on TimelineViewModel
Testing playback position...
Position: {'success': True, 'currentFrame': None, 'totalFrames': None}
Testing audio record (2 seconds)...
Record success: 0 bytes, RMS: 0
Saved record_result.wav
